
[0;36m══ BUILD ══[0m

[1;33m▸[0m Building container image: sindri-agent:test
STEP 1/16: FROM golang:latest
STEP 2/16: RUN apt-get update && apt-get install -y --no-install-recommends     curl ca-certificates     && curl -fsSL https://deb.nodesource.com/setup_lts.x | bash -     && apt-get install -y --no-install-recommends nodejs     && rm -rf /var/lib/apt/lists/*
--> Using cache cc21d61e1112aff1d3b417a2f9a8487bd7f6427c4cbba12296ff01ab2bced5fa
--> cc21d61e1112
STEP 3/16: RUN apt-get update && apt-get install -y --no-install-recommends     git make patch build-essential     grep sed gawk jq ripgrep     fd-find     file tree zip unzip tar gzip bzip2 xz-utils     wget netcat-openbsd dnsutils iputils-ping     procps lsof watch htop     python3 python3-pip python3-venv python3-pytest     less diffutils vim-tiny     && ln -s /usr/bin/fdfind /usr/local/bin/fd     && rm -rf /var/lib/apt/lists/*
Get:1 http://deb.debian.org/debian trixie InRelease [140 kB]
Get:2 http://deb.debian.org/debian trixie-updates InRelease [47.3 kB]
Get:3 http://deb.debian.org/debian-security trixie-security InRelease [43.4 kB]
Get:4 https://deb.nodesource.com/node_24.x nodistro InRelease [12.1 kB]
Get:5 http://deb.debian.org/debian trixie/main amd64 Packages [9671 kB]
Get:6 https://deb.nodesource.com/node_24.x nodistro/main amd64 Packages [6694 B]
Get:7 http://deb.debian.org/debian trixie-updates/main amd64 Packages [5412 B]
Get:8 http://deb.debian.org/debian-security trixie-security/main amd64 Packages [171 kB]
Fetched 10.1 MB in 1s (9180 kB/s)
Reading package lists...
Reading package lists...
Building dependency tree...
Reading state information...
git is already the newest version (1:2.47.3-0+deb13u1).
make is already the newest version (4.4.1-2).
grep is already the newest version (3.11-4).
grep set to manually installed.
tar is already the newest version (1.35+dfsg-3.1).
tar set to manually installed.
gzip is already the newest version (1.13-1).
gzip set to manually installed.
wget is already the newest version (1.25.0-2).
procps is already the newest version (2:4.0.4-9).
python3 is already the newest version (3.13.5-1).
python3 set to manually installed.
diffutils is already the newest version (1:3.10-4).
diffutils set to manually installed.
The following additional packages will be installed:
  bind9-host bind9-libs dpkg dpkg-dev libdpkg-perl libfstrm0 libjemalloc2
  libjq1 libjson-c5 liblmdb0 liblsof0 libmagic-mgc libmagic1t64 libmaxminddb0
  libonig5 libprotobuf-c1 libpython3.13-minimal libpython3.13-stdlib
  libsigsegv2 libtirpc-common libtirpc3t64 liburcu8t64 libuv1t64 libxml2
  python3-iniconfig python3-packaging python3-pip-whl python3-pluggy
  python3-setuptools-whl python3-wheel python3.13 python3.13-minimal
  python3.13-venv vim-common
Suggested packages:
  bzip2-doc debian-keyring debian-tag2upload-keyring gawk-doc lm-sensors
  strace bzr mmdb-bin ed diffutils-doc python3-setuptools indent
Recommended packages:
  fakeroot libalgorithm-merge-perl linux-sysctl-defaults
  libfile-fcntllock-perl liblocale-gettext-perl python3-dev libjs-sphinxdoc
  python3-pygments xxd
The following NEW packages will be installed:
  bind9-dnsutils bind9-host bind9-libs build-essential bzip2 dpkg-dev fd-find
  file gawk htop iputils-ping jq less libdpkg-perl libfstrm0 libjemalloc2
  libjq1 libjson-c5 liblmdb0 liblsof0 libmagic-mgc libmagic1t64 libmaxminddb0
  libonig5 libprotobuf-c1 libsigsegv2 libtirpc-common libtirpc3t64 liburcu8t64
  libuv1t64 libxml2 lsof netcat-openbsd patch python3-iniconfig
  python3-packaging python3-pip python3-pip-whl python3-pluggy python3-pytest
  python3-setuptools-whl python3-venv python3-wheel python3.13-venv ripgrep
  tree unzip vim-common vim-tiny xz-utils zip
The following packages will be upgraded:
  dpkg libpython3.13-minimal libpython3.13-stdlib python3.13
  python3.13-minimal sed
6 upgraded, 51 newly installed, 0 to remove and 35 not upgraded.
Need to get 24.7 MB of archives.
After this operation, 60.4 MB of additional disk space will be used.
Get:1 http://deb.debian.org/debian trixie/main amd64 dpkg amd64 1.22.22 [1537 kB]
Get:2 http://deb.debian.org/debian trixie/main amd64 sed amd64 4.9-2+deb13u1 [331 kB]
Get:3 http://deb.debian.org/debian trixie/main amd64 libsigsegv2 amd64 2.14-1+b2 [34.4 kB]
Get:4 http://deb.debian.org/debian trixie/main amd64 gawk amd64 1:5.2.1-2+b1 [674 kB]
Get:5 http://deb.debian.org/debian trixie/main amd64 python3.13 amd64 3.13.5-2+deb13u2 [757 kB]
Get:6 http://deb.debian.org/debian trixie/main amd64 libpython3.13-stdlib amd64 3.13.5-2+deb13u2 [1958 kB]
Get:7 http://deb.debian.org/debian trixie/main amd64 python3.13-minimal amd64 3.13.5-2+deb13u2 [2217 kB]
Get:8 http://deb.debian.org/debian trixie/main amd64 libpython3.13-minimal amd64 3.13.5-2+deb13u2 [862 kB]
Get:9 http://deb.debian.org/debian trixie/main amd64 iputils-ping amd64 3:20240905-3 [51.2 kB]
Get:10 http://deb.debian.org/debian trixie/main amd64 less amd64 668-1 [161 kB]
Get:11 http://deb.debian.org/debian trixie/main amd64 vim-common all 2:9.1.1230-2 [421 kB]
Get:12 http://deb.debian.org/debian trixie/main amd64 vim-tiny amd64 2:9.1.1230-2 [776 kB]
Get:13 http://deb.debian.org/debian trixie/main amd64 libfstrm0 amd64 0.6.1-1+b3 [21.9 kB]
Get:14 http://deb.debian.org/debian trixie/main amd64 libjemalloc2 amd64 5.3.0-3 [274 kB]
Get:15 http://deb.debian.org/debian trixie/main amd64 libjson-c5 amd64 0.18+ds-1 [46.0 kB]
Get:16 http://deb.debian.org/debian trixie/main amd64 liblmdb0 amd64 0.9.31-1+b2 [45.2 kB]
Get:17 http://deb.debian.org/debian trixie/main amd64 libmaxminddb0 amd64 1.12.2-1 [25.8 kB]
Get:18 http://deb.debian.org/debian trixie/main amd64 libprotobuf-c1 amd64 1.5.1-1 [20.5 kB]
Get:19 http://deb.debian.org/debian trixie/main amd64 liburcu8t64 amd64 0.15.2-2 [76.3 kB]
Get:20 http://deb.debian.org/debian trixie/main amd64 libuv1t64 amd64 1.50.0-2 [154 kB]
Get:21 http://deb.debian.org/debian trixie/main amd64 libxml2 amd64 2.12.7+dfsg+really2.9.14-2.1+deb13u2 [698 kB]
Get:22 http://deb.debian.org/debian-security trixie-security/main amd64 bind9-libs amd64 1:9.20.23-1~deb13u1 [1242 kB]
Get:23 http://deb.debian.org/debian-security trixie-security/main amd64 bind9-host amd64 1:9.20.23-1~deb13u1 [56.0 kB]
Get:24 http://deb.debian.org/debian-security trixie-security/main amd64 bind9-dnsutils amd64 1:9.20.23-1~deb13u1 [166 kB]
Get:25 http://deb.debian.org/debian trixie/main amd64 bzip2 amd64 1.0.8-6 [40.5 kB]
Get:26 http://deb.debian.org/debian trixie/main amd64 libmagic-mgc amd64 1:5.46-5 [338 kB]
Get:27 http://deb.debian.org/debian trixie/main amd64 libmagic1t64 amd64 1:5.46-5 [109 kB]
Get:28 http://deb.debian.org/debian trixie/main amd64 file amd64 1:5.46-5 [43.6 kB]
Get:29 http://deb.debian.org/debian trixie/main amd64 liblsof0 amd64 4.99.4+dfsg-2 [134 kB]
Get:30 http://deb.debian.org/debian trixie/main amd64 libtirpc-common all 1.3.6+ds-1 [11.0 kB]
Get:31 http://deb.debian.org/debian trixie/main amd64 libtirpc3t64 amd64 1.3.6+ds-1 [83.3 kB]
Get:32 http://deb.debian.org/debian trixie/main amd64 lsof amd64 4.99.4+dfsg-2 [316 kB]
Get:33 http://deb.debian.org/debian trixie/main amd64 xz-utils amd64 5.8.1-1 [660 kB]
Get:34 http://deb.debian.org/debian trixie/main amd64 libdpkg-perl all 1.22.22 [651 kB]
Get:35 http://deb.debian.org/debian trixie/main amd64 patch amd64 2.8-2 [134 kB]
Get:36 http://deb.debian.org/debian trixie/main amd64 dpkg-dev all 1.22.22 [1337 kB]
Get:37 http://deb.debian.org/debian trixie/main amd64 build-essential amd64 12.12 [4624 B]
Get:38 http://deb.debian.org/debian trixie/main amd64 fd-find amd64 10.2.0-1+b5 [1053 kB]
Get:39 http://deb.debian.org/debian trixie/main amd64 htop amd64 3.4.1-5 [171 kB]
Get:40 http://deb.debian.org/debian trixie/main amd64 libonig5 amd64 6.9.9-1+b1 [189 kB]
Get:41 http://deb.debian.org/debian trixie/main amd64 libjq1 amd64 1.7.1-6+deb13u2 [164 kB]
Get:42 http://deb.debian.org/debian trixie/main amd64 jq amd64 1.7.1-6+deb13u2 [77.8 kB]
Get:43 http://deb.debian.org/debian trixie/main amd64 netcat-openbsd amd64 1.229-1 [42.5 kB]
Get:44 http://deb.debian.org/debian trixie/main amd64 python3-iniconfig all 1.1.1-2 [6396 B]
Get:45 http://deb.debian.org/debian trixie/main amd64 python3-packaging all 25.0-1 [56.6 kB]
Get:46 http://deb.debian.org/debian trixie/main amd64 python3-wheel all 0.46.1-2 [21.7 kB]
Get:47 http://deb.debian.org/debian trixie/main amd64 python3-pip all 25.1.1+dfsg-1 [1457 kB]
Get:48 http://deb.debian.org/debian trixie/main amd64 python3-pip-whl all 25.1.1+dfsg-1 [1507 kB]
Get:49 http://deb.debian.org/debian trixie/main amd64 python3-pluggy all 1.5.0-1 [26.9 kB]
Get:50 http://deb.debian.org/debian trixie/main amd64 python3-pytest all 8.3.5-2 [250 kB]
Get:51 http://deb.debian.org/debian trixie/main amd64 python3-setuptools-whl all 78.1.1-0.1 [1268 kB]
Get:52 http://deb.debian.org/debian trixie/main amd64 python3.13-venv amd64 3.13.5-2+deb13u2 [5476 B]
Get:53 http://deb.debian.org/debian trixie/main amd64 python3-venv amd64 3.13.5-1 [1180 B]
Get:54 http://deb.debian.org/debian trixie/main amd64 ripgrep amd64 14.1.1-1+b4 [1434 kB]
Get:55 http://deb.debian.org/debian trixie/main amd64 tree amd64 2.2.1-1 [59.4 kB]
Get:56 http://deb.debian.org/debian trixie/main amd64 unzip amd64 6.0-29 [173 kB]
Get:57 http://deb.debian.org/debian trixie/main amd64 zip amd64 3.0-15 [235 kB]
Fetched 24.7 MB in 1s (17.8 MB/s)
(Reading database ... (Reading database ... 5%(Reading database ... 10%(Reading database ... 15%(Reading database ... 20%(Reading database ... 25%(Reading database ... 30%(Reading database ... 35%(Reading database ... 40%(Reading database ... 45%(Reading database ... 50%(Reading database ... 55%(Reading database ... 60%(Reading database ... 65%(Reading database ... 70%(Reading database ... 75%(Reading database ... 80%(Reading database ... 85%(Reading database ... 90%(Reading database ... 95%(Reading database ... 100%(Reading database ... 22378 files and directories currently installed.)
Preparing to unpack .../dpkg_1.22.22_amd64.deb ...
Unpacking dpkg (1.22.22) over (1.22.21) ...
Setting up dpkg (1.22.22) ...
(Reading database ... (Reading database ... 5%(Reading database ... 10%(Reading database ... 15%(Reading database ... 20%(Reading database ... 25%(Reading database ... 30%(Reading database ... 35%(Reading database ... 40%(Reading database ... 45%(Reading database ... 50%(Reading database ... 55%(Reading database ... 60%(Reading database ... 65%(Reading database ... 70%(Reading database ... 75%(Reading database ... 80%(Reading database ... 85%(Reading database ... 90%(Reading database ... 95%(Reading database ... 100%(Reading database ... 22378 files and directories currently installed.)
Preparing to unpack .../sed_4.9-2+deb13u1_amd64.deb ...
Unpacking sed (4.9-2+deb13u1) over (4.9-2) ...
Setting up sed (4.9-2+deb13u1) ...
Selecting previously unselected package libsigsegv2:amd64.
(Reading database ... (Reading database ... 5%(Reading database ... 10%(Reading database ... 15%(Reading database ... 20%(Reading database ... 25%(Reading database ... 30%(Reading database ... 35%(Reading database ... 40%(Reading database ... 45%(Reading database ... 50%(Reading database ... 55%(Reading database ... 60%(Reading database ... 65%(Reading database ... 70%(Reading database ... 75%(Reading database ... 80%(Reading database ... 85%(Reading database ... 90%(Reading database ... 95%(Reading database ... 100%(Reading database ... 22378 files and directories currently installed.)
Preparing to unpack .../libsigsegv2_2.14-1+b2_amd64.deb ...
Unpacking libsigsegv2:amd64 (2.14-1+b2) ...
Setting up libsigsegv2:amd64 (2.14-1+b2) ...
Selecting previously unselected package gawk.
(Reading database ... (Reading database ... 5%(Reading database ... 10%(Reading database ... 15%(Reading database ... 20%(Reading database ... 25%(Reading database ... 30%(Reading database ... 35%(Reading database ... 40%(Reading database ... 45%(Reading database ... 50%(Reading database ... 55%(Reading database ... 60%(Reading database ... 65%(Reading database ... 70%(Reading database ... 75%(Reading database ... 80%(Reading database ... 85%(Reading database ... 90%(Reading database ... 95%(Reading database ... 100%(Reading database ... 22388 files and directories currently installed.)
Preparing to unpack .../00-gawk_1%3a5.2.1-2+b1_amd64.deb ...
Unpacking gawk (1:5.2.1-2+b1) ...
Preparing to unpack .../01-python3.13_3.13.5-2+deb13u2_amd64.deb ...
Unpacking python3.13 (3.13.5-2+deb13u2) over (3.13.5-2) ...
Preparing to unpack .../02-libpython3.13-stdlib_3.13.5-2+deb13u2_amd64.deb ...
Unpacking libpython3.13-stdlib:amd64 (3.13.5-2+deb13u2) over (3.13.5-2) ...
Preparing to unpack .../03-python3.13-minimal_3.13.5-2+deb13u2_amd64.deb ...
Unpacking python3.13-minimal (3.13.5-2+deb13u2) over (3.13.5-2) ...
Preparing to unpack .../04-libpython3.13-minimal_3.13.5-2+deb13u2_amd64.deb ...
Unpacking libpython3.13-minimal:amd64 (3.13.5-2+deb13u2) over (3.13.5-2) ...
Selecting previously unselected package iputils-ping.
Preparing to unpack .../05-iputils-ping_3%3a20240905-3_amd64.deb ...
Unpacking iputils-ping (3:20240905-3) ...
Selecting previously unselected package less.
Preparing to unpack .../06-less_668-1_amd64.deb ...
Unpacking less (668-1) ...
Selecting previously unselected package vim-common.
Preparing to unpack .../07-vim-common_2%3a9.1.1230-2_all.deb ...
Unpacking vim-common (2:9.1.1230-2) ...
Selecting previously unselected package vim-tiny.
Preparing to unpack .../08-vim-tiny_2%3a9.1.1230-2_amd64.deb ...
Unpacking vim-tiny (2:9.1.1230-2) ...
Selecting previously unselected package libfstrm0:amd64.
Preparing to unpack .../09-libfstrm0_0.6.1-1+b3_amd64.deb ...
Unpacking libfstrm0:amd64 (0.6.1-1+b3) ...
Selecting previously unselected package libjemalloc2:amd64.
Preparing to unpack .../10-libjemalloc2_5.3.0-3_amd64.deb ...
Unpacking libjemalloc2:amd64 (5.3.0-3) ...
Selecting previously unselected package libjson-c5:amd64.
Preparing to unpack .../11-libjson-c5_0.18+ds-1_amd64.deb ...
Unpacking libjson-c5:amd64 (0.18+ds-1) ...
Selecting previously unselected package liblmdb0:amd64.
Preparing to unpack .../12-liblmdb0_0.9.31-1+b2_amd64.deb ...
Unpacking liblmdb0:amd64 (0.9.31-1+b2) ...
Selecting previously unselected package libmaxminddb0:amd64.
Preparing to unpack .../13-libmaxminddb0_1.12.2-1_amd64.deb ...
Unpacking libmaxminddb0:amd64 (1.12.2-1) ...
Selecting previously unselected package libprotobuf-c1:amd64.
Preparing to unpack .../14-libprotobuf-c1_1.5.1-1_amd64.deb ...
Unpacking libprotobuf-c1:amd64 (1.5.1-1) ...
Selecting previously unselected package liburcu8t64:amd64.
Preparing to unpack .../15-liburcu8t64_0.15.2-2_amd64.deb ...
Unpacking liburcu8t64:amd64 (0.15.2-2) ...
Selecting previously unselected package libuv1t64:amd64.
Preparing to unpack .../16-libuv1t64_1.50.0-2_amd64.deb ...
Unpacking libuv1t64:amd64 (1.50.0-2) ...
Selecting previously unselected package libxml2:amd64.
Preparing to unpack .../17-libxml2_2.12.7+dfsg+really2.9.14-2.1+deb13u2_amd64.deb ...
Unpacking libxml2:amd64 (2.12.7+dfsg+really2.9.14-2.1+deb13u2) ...
Selecting previously unselected package bind9-libs:amd64.
Preparing to unpack .../18-bind9-libs_1%3a9.20.23-1~deb13u1_amd64.deb ...
Unpacking bind9-libs:amd64 (1:9.20.23-1~deb13u1) ...
Selecting previously unselected package bind9-host.
Preparing to unpack .../19-bind9-host_1%3a9.20.23-1~deb13u1_amd64.deb ...
Unpacking bind9-host (1:9.20.23-1~deb13u1) ...
Selecting previously unselected package bind9-dnsutils.
Preparing to unpack .../20-bind9-dnsutils_1%3a9.20.23-1~deb13u1_amd64.deb ...
Unpacking bind9-dnsutils (1:9.20.23-1~deb13u1) ...
Selecting previously unselected package bzip2.
Preparing to unpack .../21-bzip2_1.0.8-6_amd64.deb ...
Unpacking bzip2 (1.0.8-6) ...
Selecting previously unselected package libmagic-mgc.
Preparing to unpack .../22-libmagic-mgc_1%3a5.46-5_amd64.deb ...
Unpacking libmagic-mgc (1:5.46-5) ...
Selecting previously unselected package libmagic1t64:amd64.
Preparing to unpack .../23-libmagic1t64_1%3a5.46-5_amd64.deb ...
Unpacking libmagic1t64:amd64 (1:5.46-5) ...
Selecting previously unselected package file.
Preparing to unpack .../24-file_1%3a5.46-5_amd64.deb ...
Unpacking file (1:5.46-5) ...
Selecting previously unselected package liblsof0.
Preparing to unpack .../25-liblsof0_4.99.4+dfsg-2_amd64.deb ...
Unpacking liblsof0 (4.99.4+dfsg-2) ...
Selecting previously unselected package libtirpc-common.
Preparing to unpack .../26-libtirpc-common_1.3.6+ds-1_all.deb ...
Unpacking libtirpc-common (1.3.6+ds-1) ...
Selecting previously unselected package libtirpc3t64:amd64.
Preparing to unpack .../27-libtirpc3t64_1.3.6+ds-1_amd64.deb ...
Adding 'diversion of /lib/x86_64-linux-gnu/libtirpc.so.3 to /lib/x86_64-linux-gnu/libtirpc.so.3.usr-is-merged by libtirpc3t64'
Adding 'diversion of /lib/x86_64-linux-gnu/libtirpc.so.3.0.0 to /lib/x86_64-linux-gnu/libtirpc.so.3.0.0.usr-is-merged by libtirpc3t64'
Unpacking libtirpc3t64:amd64 (1.3.6+ds-1) ...
Selecting previously unselected package lsof.
Preparing to unpack .../28-lsof_4.99.4+dfsg-2_amd64.deb ...
Unpacking lsof (4.99.4+dfsg-2) ...
Selecting previously unselected package xz-utils.
Preparing to unpack .../29-xz-utils_5.8.1-1_amd64.deb ...
Unpacking xz-utils (5.8.1-1) ...
Selecting previously unselected package libdpkg-perl.
Preparing to unpack .../30-libdpkg-perl_1.22.22_all.deb ...
Unpacking libdpkg-perl (1.22.22) ...
Selecting previously unselected package patch.
Preparing to unpack .../31-patch_2.8-2_amd64.deb ...
Unpacking patch (2.8-2) ...
Selecting previously unselected package dpkg-dev.
Preparing to unpack .../32-dpkg-dev_1.22.22_all.deb ...
Unpacking dpkg-dev (1.22.22) ...
Selecting previously unselected package build-essential.
Preparing to unpack .../33-build-essential_12.12_amd64.deb ...
Unpacking build-essential (12.12) ...
Selecting previously unselected package fd-find.
Preparing to unpack .../34-fd-find_10.2.0-1+b5_amd64.deb ...
Unpacking fd-find (10.2.0-1+b5) ...
Selecting previously unselected package htop.
Preparing to unpack .../35-htop_3.4.1-5_amd64.deb ...
Unpacking htop (3.4.1-5) ...
Selecting previously unselected package libonig5:amd64.
Preparing to unpack .../36-libonig5_6.9.9-1+b1_amd64.deb ...
Unpacking libonig5:amd64 (6.9.9-1+b1) ...
Selecting previously unselected package libjq1:amd64.
Preparing to unpack .../37-libjq1_1.7.1-6+deb13u2_amd64.deb ...
Unpacking libjq1:amd64 (1.7.1-6+deb13u2) ...
Selecting previously unselected package jq.
Preparing to unpack .../38-jq_1.7.1-6+deb13u2_amd64.deb ...
Unpacking jq (1.7.1-6+deb13u2) ...
Selecting previously unselected package netcat-openbsd.
Preparing to unpack .../39-netcat-openbsd_1.229-1_amd64.deb ...
Unpacking netcat-openbsd (1.229-1) ...
Selecting previously unselected package python3-iniconfig.
Preparing to unpack .../40-python3-iniconfig_1.1.1-2_all.deb ...
Unpacking python3-iniconfig (1.1.1-2) ...
Selecting previously unselected package python3-packaging.
Preparing to unpack .../41-python3-packaging_25.0-1_all.deb ...
Unpacking python3-packaging (25.0-1) ...
Selecting previously unselected package python3-wheel.
Preparing to unpack .../42-python3-wheel_0.46.1-2_all.deb ...
Unpacking python3-wheel (0.46.1-2) ...
Selecting previously unselected package python3-pip.
Preparing to unpack .../43-python3-pip_25.1.1+dfsg-1_all.deb ...
Unpacking python3-pip (25.1.1+dfsg-1) ...
Selecting previously unselected package python3-pip-whl.
Preparing to unpack .../44-python3-pip-whl_25.1.1+dfsg-1_all.deb ...
Unpacking python3-pip-whl (25.1.1+dfsg-1) ...
Selecting previously unselected package python3-pluggy.
Preparing to unpack .../45-python3-pluggy_1.5.0-1_all.deb ...
Unpacking python3-pluggy (1.5.0-1) ...
Selecting previously unselected package python3-pytest.
Preparing to unpack .../46-python3-pytest_8.3.5-2_all.deb ...
Unpacking python3-pytest (8.3.5-2) ...
Selecting previously unselected package python3-setuptools-whl.
Preparing to unpack .../47-python3-setuptools-whl_78.1.1-0.1_all.deb ...
Unpacking python3-setuptools-whl (78.1.1-0.1) ...
Selecting previously unselected package python3.13-venv.
Preparing to unpack .../48-python3.13-venv_3.13.5-2+deb13u2_amd64.deb ...
Unpacking python3.13-venv (3.13.5-2+deb13u2) ...
Selecting previously unselected package python3-venv.
Preparing to unpack .../49-python3-venv_3.13.5-1_amd64.deb ...
Unpacking python3-venv (3.13.5-1) ...
Selecting previously unselected package ripgrep.
Preparing to unpack .../50-ripgrep_14.1.1-1+b4_amd64.deb ...
Unpacking ripgrep (14.1.1-1+b4) ...
Selecting previously unselected package tree.
Preparing to unpack .../51-tree_2.2.1-1_amd64.deb ...
Unpacking tree (2.2.1-1) ...
Selecting previously unselected package unzip.
Preparing to unpack .../52-unzip_6.0-29_amd64.deb ...
Unpacking unzip (6.0-29) ...
Selecting previously unselected package zip.
Preparing to unpack .../53-zip_3.0-15_amd64.deb ...
Unpacking zip (3.0-15) ...
Setting up liblmdb0:amd64 (0.9.31-1+b2) ...
Setting up python3-iniconfig (1.1.1-2) ...
Setting up liburcu8t64:amd64 (0.15.2-2) ...
Setting up python3-setuptools-whl (78.1.1-0.1) ...
Setting up libmagic-mgc (1:5.46-5) ...
Setting up python3-pip-whl (25.1.1+dfsg-1) ...
Setting up gawk (1:5.2.1-2+b1) ...
Setting up liblsof0 (4.99.4+dfsg-2) ...
Setting up htop (3.4.1-5) ...
Setting up libtirpc-common (1.3.6+ds-1) ...
Setting up libmaxminddb0:amd64 (1.12.2-1) ...
Setting up unzip (6.0-29) ...
Setting up libfstrm0:amd64 (0.6.1-1+b3) ...
Setting up libuv1t64:amd64 (1.50.0-2) ...
Setting up libmagic1t64:amd64 (1:5.46-5) ...
Setting up netcat-openbsd (1.229-1) ...
update-alternatives: using /bin/nc.openbsd to provide /bin/nc (nc) in auto mode
Setting up less (668-1) ...
Setting up fd-find (10.2.0-1+b5) ...
Setting up file (1:5.46-5) ...
Setting up libjemalloc2:amd64 (5.3.0-3) ...
Setting up bzip2 (1.0.8-6) ...
Setting up libprotobuf-c1:amd64 (1.5.1-1) ...
Setting up libpython3.13-minimal:amd64 (3.13.5-2+deb13u2) ...
Setting up zip (3.0-15) ...
Setting up python3-packaging (25.0-1) ...
Setting up vim-common (2:9.1.1230-2) ...
Setting up xz-utils (5.8.1-1) ...
update-alternatives: using /usr/bin/xz to provide /usr/bin/lzma (lzma) in auto mode
Setting up tree (2.2.1-1) ...
Setting up patch (2.8-2) ...
Setting up libdpkg-perl (1.22.22) ...
Setting up python3-pluggy (1.5.0-1) ...
Setting up ripgrep (14.1.1-1+b4) ...
Setting up python3.13-minimal (3.13.5-2+deb13u2) ...
Setting up libpython3.13-stdlib:amd64 (3.13.5-2+deb13u2) ...
Setting up iputils-ping (3:20240905-3) ...
Setting up libjson-c5:amd64 (0.18+ds-1) ...
Setting up libxml2:amd64 (2.12.7+dfsg+really2.9.14-2.1+deb13u2) ...
Setting up libonig5:amd64 (6.9.9-1+b1) ...
Setting up bind9-libs:amd64 (1:9.20.23-1~deb13u1) ...
Setting up libtirpc3t64:amd64 (1.3.6+ds-1) ...
Setting up python3.13 (3.13.5-2+deb13u2) ...
Setting up libjq1:amd64 (1.7.1-6+deb13u2) ...
Setting up python3-pytest (8.3.5-2) ...
Setting up vim-tiny (2:9.1.1230-2) ...
update-alternatives: using /usr/bin/vim.tiny to provide /usr/bin/editor (editor) in auto mode
update-alternatives: using /usr/bin/vim.tiny to provide /usr/bin/ex (ex) in auto mode
update-alternatives: using /usr/bin/vim.tiny to provide /usr/bin/rview (rview) in auto mode
update-alternatives: using /usr/bin/vim.tiny to provide /usr/bin/vi (vi) in auto mode
update-alternatives: using /usr/bin/vim.tiny to provide /usr/bin/view (view) in auto mode
Setting up python3.13-venv (3.13.5-2+deb13u2) ...
Setting up python3-wheel (0.46.1-2) ...
Setting up dpkg-dev (1.22.22) ...
Setting up python3-venv (3.13.5-1) ...
Setting up python3-pip (25.1.1+dfsg-1) ...
Setting up lsof (4.99.4+dfsg-2) ...
Setting up jq (1.7.1-6+deb13u2) ...
Setting up build-essential (12.12) ...
Setting up bind9-host (1:9.20.23-1~deb13u1) ...
Setting up bind9-dnsutils (1:9.20.23-1~deb13u1) ...
Processing triggers for libc-bin (2.41-12+deb13u1) ...
--> 80f2aa911e65
STEP 4/16: COPY bin/yq  /usr/local/bin/yq
--> 3cb1dd523615
STEP 5/16: COPY bin/td  /usr/local/bin/td
--> ceb6dc4574b7
STEP 6/16: RUN chmod +x /usr/local/bin/yq /usr/local/bin/td
--> 75e259286bc5
STEP 7/16: RUN npm install -g @anthropic-ai/claude-code

added 2 packages in 5s
--> 41c7cc37660f
STEP 8/16: COPY gh-local/ /build/gh-local/
--> 7fed2e1bb8a6
STEP 9/16: RUN cd /build/gh-local && go build -o /usr/local/bin/gh . && rm -rf /build
--> 9a5d48ea41f5
STEP 10/16: COPY shims/docker          /usr/local/bin/docker
--> 6e8f504318af
STEP 11/16: COPY shims/docker-compose  /usr/local/bin/docker-compose
--> 60e0837517d1
STEP 12/16: RUN chmod +x /usr/local/bin/docker /usr/local/bin/docker-compose
--> 7e9eaa5f355c
STEP 13/16: RUN useradd -m -s /bin/bash sindri
--> 3caf1b64ae67
STEP 14/16: USER sindri
--> b1d13efe7a1b
STEP 15/16: RUN git config --global user.name  "sindri-agent"  && git config --global user.email "agent@sindri.local"  && git config --global init.defaultBranch main
--> 61926fa6e651
STEP 16/16: WORKDIR /workspace
COMMIT sindri-agent:test
--> 01cc9f1b7357
Successfully tagged localhost/sindri-agent:test
01cc9f1b735710a939800c72713189ed8b067e28c3a809e92481ac3a965d0890

[0;36m══ SETUP ══[0m

[1;33m▸[0m repo:     /tmp/sindri-test-i1SE/repo
[1;33m▸[0m worktree: /tmp/sindri-test-i1SE/worktree
Initialized empty Git repository in /tmp/sindri-test-i1SE/repo/.git/
[main (root-commit) 13b5d64] initial: calculator module with tests
 2 files changed, 40 insertions(+)
 create mode 100644 calculator.py
 create mode 100644 test_calculator.py
HEAD is now at 13b5d64 initial: calculator module with tests
[1;33m▸[0m Initializing td...
INITIALIZED /tmp/sindri-test-i1SE/repo/.todos
Added .todos/ to .gitignore
Session: ses_4a94e3

Tip: Add this to your CLAUDE.md, AGENTS.md, or similar agent file:

## MANDATORY: Use td for Task Management

Run td usage --new-session at conversation start (or after /clear). This tells you what to work on next.

Sessions are automatic (based on terminal/agent context). Optional:
- td session "name" to label the current session
- td session --new to force a new session in the same context

Use td usage -q after first read.
[1;33m▸[0m Created issue: td-f1663f

td-f1663f: Implement discount calculation
Status: [open]
Type: task | Priority: P2

Description:
Add a calculate_discount(price, quantity) function to calculator.py.

The function should apply tiered discounts based on quantity.
The exact discount tiers are NOT specified — you MUST ask before implementing.
Also add tests in test_calculator.py.

[0;36m══ AGENT: discover task and ask question ══[0m

[1;33m▸[0m Prompt:
[2mYou are a software agent working in a git worktree.

TOOLS:
- td: task tracker
    td next              — get next open issue
    td start <id>        — claim it
    td show <id>         — read full details
    td comment <id> "m"  — post a comment (visible to reviewer)
    td block <id> --reason "r" — mark yourself as blocked
    td handoff <id> --done "m" — record completed work
    td review <id>       — submit for review
- gh: PR management
    gh pr create --title "t" --body "b"
    gh pr view [id]
    gh pr merge [id]
- Standard: git, python3, pytest

WORKFLOW FOR THIS TURN:
1. Run `td next` to find the next task.
2. Run `td start <id>` to claim it.
3. Read the full task with `td show <id>`.
4. The task is deliberately incomplete — information is missing.
   You MUST ask before guessing:
   a. Post your question: td comment <id> "your question here"
   b. Block yourself: td block <id> --reason "waiting for answer"
5. STOP. Do not implement anything.

IMPORTANT: When you are done and have blocked yourself, your final line must be:
SINDRI_BLOCKED

Begin now.[0m

[1;33m▸[0m Running in container...

  🤖💬 I'll start by finding the next task.
  🔨 Bash: {"command":"td next","description":"Get next open task"}
  ← td-f1663f  [P2]  Implement discount calculation  task  [open]

Run `td start td-f1663f` to begin working on this issue.
  🔨 Bash: {"command":"td start td-f1663f","description":"Claim the task"}
  ← STARTED td-f1663f (session: ses_3ce1cf)
Git: 13b5d64 (agent-work) clean
  🔨 Bash: {"command":"td show td-f1663f","description":"Read full task details"}
  ← td-f1663f: Implement discount calculation
Status: [in_progress]
Type: task | Priority: P2

Description:
Add a calculate_discount(price, quantity) function to calculator.py.

The function should apply 
  🤖💬 The task explicitly notes that discount tiers are unspecified. I'll ask for clarification and block myself.
  🔨 Bash: {"command":"td comment td-f1663f \"The task description says discount tiers are NOT specified and I must ask before impl
  ← COMMENT ADDED td-f1663f
  🔨 Bash: {"command":"td block td-f1663f --reason \"Waiting for discount tier specification: thresholds, percentages, application 
  ← BLOCKED td-f1663f
  🤖💬 Task `td-f1663f` is blocked pending clarification on the discount tier structure. I asked four specific questions: quantity thresholds, discount percentages per tier, whether discount applies per-unit or to the total, and edge case handling. No implementation will proceed until those details are provided.

SINDRI_BLOCKED

  ▸ Result: Task `td-f1663f` is blocked pending clarification on the discount tier structure. I asked four specific questions: quantity thresholds, discount percentages per tier, whether discount applies per-unit or to the total, and edge case handling. No implementation will proceed until those details are provided.

SINDRI_BLOCKED
  ▸ Cost: $0.07073985 | Turns: 6

[0;32m✓[0m Sentinel found: SINDRI_BLOCKED

[0;36m══ STATE: after turn 1 ══[0m

[1;33m▸[0m td show td-f1663f:
td-f1663f: Implement discount calculation
Status: [blocked]
Type: task | Priority: P2

Description:
Add a calculate_discount(price, quantity) function to calculator.py.

The function should apply tiered discounts based on quantity.
The exact discount tiers are NOT specified — you MUST ask before implementing.
Also add tests in test_calculator.py.

SESSION LOG:
  [09:00] Started work
  [09:01] [blocker] Blocked: Waiting for discount tier specification: thresholds, percentages, application method (per-unit vs total), and edge case handling have not been defined.

GIT STATE:
  Started: 13b5d64 (agent-work) just now
  Current: 13b5d64 (main) +0 commits

SESSIONS INVOLVED:
  ses_3ce1cf (implementer)

[1;33m▸[0m td comments td-f1663f:
[2026-05-26 09:00] (ses_3ce1cf) The task description says discount tiers are NOT specified and I must ask before implementing. Could you please provide the tiered discount structure? Specifically: (1) What quantity thresholds define each tier (e.g., 1-9, 10-49, 50+)? (2) What discount percentage applies at each tier? (3) Should the discount be applied per-unit or to the total price? (4) Are there any edge cases to handle (e.g., quantity=0, negative price)?

[1;33m▸[0m gh pr list:
No PRs found.

[1;33m▸[0m git log (worktree):
13b5d64 initial: calculator module with tests


[0;36m══ HUMAN: answering question ══[0m

[1;33m▸[0m Posting answer...
COMMENT ADDED td-f1663f
[1;33m▸[0m Unblocking...
UNBLOCKED td-f1663f

[0;36m══ STATE: after human answer ══[0m

[1;33m▸[0m td show td-f1663f:
td-f1663f: Implement discount calculation
Status: [open]
Type: task | Priority: P2

Description:
Add a calculate_discount(price, quantity) function to calculator.py.

The function should apply tiered discounts based on quantity.
The exact discount tiers are NOT specified — you MUST ask before implementing.
Also add tests in test_calculator.py.

SESSION LOG:
  [09:00] Started work
  [09:01] [blocker] Blocked: Waiting for discount tier specification: thresholds, percentages, application method (per-unit vs total), and edge case handling have not been defined.
  [11:01] Unblocked

GIT STATE:
  Started: 13b5d64 (agent-work) just now
  Current: 13b5d64 (main) +0 commits

SESSIONS INVOLVED:
  ses_3ce1cf (implementer)
  ses_4a94e3

[1;33m▸[0m td comments td-f1663f:
[2026-05-26 09:00] (ses_3ce1cf) The task description says discount tiers are NOT specified and I must ask before implementing. Could you please provide the tiered discount structure? Specifically: (1) What quantity thresholds define each tier (e.g., 1-9, 10-49, 50+)? (2) What discount percentage applies at each tier? (3) Should the discount be applied per-unit or to the total price? (4) Are there any edge cases to handle (e.g., quantity=0, negative price)?
[2026-05-26 11:01] (ses_4a94e3) Use these discount tiers: 1-9 items = 0%, 10-49 items = 10%, 50-99 items = 20%, 100+ items = 30%. Apply the discount percentage to the unit price. Return the total price (price * quantity * (1 - discount)).

[1;33m▸[0m gh pr list:
No PRs found.

[1;33m▸[0m git log (worktree):
13b5d64 initial: calculator module with tests


[0;36m══ AGENT: implement and create PR ══[0m

[1;33m▸[0m Prompt:
[2mThe issue td-f1663f has been unblocked. The reviewer answered your question.

DO THESE STEPS IN ORDER:
1. Read the answer: td comments td-f1663f
2. Implement the calculate_discount(price, quantity) function in calculator.py.
3. Add tests for it in test_calculator.py.
4. Run tests: python3 -m pytest test_calculator.py -v
5. Commit all changes: git add -A && git commit -m "feat: add tiered discount calculation"
6. Create a PR: gh pr create --title "Add discount calculation" --body "Implements tiered discount per reviewer specs"
7. Record work: td handoff td-f1663f --done "implemented tiered discount calculation"
8. Submit: td review td-f1663f
9. STOP.

IMPORTANT: When you are done and the PR is created, your final line must be:
SINDRI_PR_CREATED[0m

[1;33m▸[0m Running in container...

  🤖💬 Starting with the reviewer's answer.
  🔨 Bash: {"command":"td comments td-f1663f","description":"Read reviewer's answer about discount tiers"}
  ← [2026-05-26 09:00] (ses_3ce1cf) The task description says discount tiers are NOT specified and I must ask before implementing. Could you please provide the tiered discount structure? Specifically: (1)
  🤖💬 Clear specs. Let me read the existing files before implementing.
  🔨 Bash: {"command":"ls /tmp/sindri-test-i1SE/worktree/","description":"List files in worktree"}
  ← calculator.py
test_calculator.py
  🔨 Read: {"file_path":"/tmp/sindri-test-i1SE/worktree/calculator.py"}
  ← (file content)
  🔨 Read: {"file_path":"/tmp/sindri-test-i1SE/worktree/test_calculator.py"}
  ← (file content)
  🤖💬 Now I'll add the `calculate_discount` function and its tests.
  🔨 Edit: {"replace_all":false,"file_path":"/tmp/sindri-test-i1SE/worktree/calculator.py","old_string":"def divide(a: float, b: fl
  🔨 Edit: {"replace_all":false,"file_path":"/tmp/sindri-test-i1SE/worktree/test_calculator.py","old_string":"\"\"\"Tests for the c
  🔨 Edit: {"replace_all":false,"file_path":"/tmp/sindri-test-i1SE/worktree/test_calculator.py","old_string":"def test_divide_by_ze
  🔨 Bash: {"command":"python3 -m pytest test_calculator.py -v","description":"Run all tests"}
  ← ============================= test session starts ==============================
platform linux -- Python 3.13.5, pytest-8.3.5, pluggy-1.5.0 -- /usr/bin/python3
cachedir: .pytest_cache
rootdir: /tmp/s
  🤖💬 All 12 tests pass. Now committing and creating the PR.
  🔨 Bash: {"command":"git add calculator.py test_calculator.py && git commit -m \"feat: add tiered discount calculation\"","descri
  ← [agent-work 09b009b] feat: add tiered discount calculation
 2 files changed, 43 insertions(+), 1 deletion(-)
  🔨 Bash: {"command":"gh pr create --title \"Add discount calculation\" --body \"Implements tiered discount per reviewer specs\"",
  ← Created PR: pr-agent-work (branch: agent-work → main)
  🔨 Bash: {"command":"td handoff td-f1663f --done \"Implemented calculate_discount(price, quantity) in calculator.py with four tie
  ← HANDOFF RECORDED td-f1663f
Git: 09b009b (agent-work) +1 commits since start
Changed: 2 files (+43 -1)

Next: `td review td-f1663f` to submit for review
  🔨 Bash: {"command":"td review td-f1663f","description":"Submit task for review"}
  ← REVIEW REQUESTED td-f1663f (session: ses_3ce1cf)
  🤖💬 All done. The `calculate_discount` function is implemented with the four reviewer-specified tiers, 7 new tests cover all tiers and tier boundaries, all 12 tests pass, and the PR is created.

SINDRI_PR_CREATED

  ▸ Result: All done. The `calculate_discount` function is implemented with the four reviewer-specified tiers, 7 new tests cover all tiers and tier boundaries, all 12 tests pass, and the PR is created.

SINDRI_PR_CREATED
  ▸ Cost: $0.1495941 | Turns: 13

[0;32m✓[0m Sentinel found: SINDRI_PR_CREATED

[0;36m══ STATE: after turn 2 ══[0m

[1;33m▸[0m td show td-f1663f:
td-f1663f: Implement discount calculation
Status: [in_review]
Type: task | Priority: P2

Description:
Add a calculate_discount(price, quantity) function to calculator.py.

The function should apply tiered discounts based on quantity.
The exact discount tiers are NOT specified — you MUST ask before implementing.
Also add tests in test_calculator.py.

CURRENT HANDOFF (ses_3ce1cf, just now):
  Done:
    - Implemented calculate_discount(price, quantity) in calculator.py with four tiers (0%/10%/20%/30% for 1-9/10-49/50-99/100+ items). Added 7 tests covering all tiers and boundaries. All 12 tests pass. PR created.

SESSION LOG:
  [09:00] Started work
  [09:01] [blocker] Blocked: Waiting for discount tier specification: thresholds, percentages, application method (per-unit vs total), and edge case handling have not been defined.
  [09:01] Submitted for review
  [11:01] Unblocked

AWAITING REVIEW - requires different session to approve/reject

GIT STATE:
  Started: 13b5d64 (agent-work) just now
  Current: 13b5d64 (main) +0 commits

SESSIONS INVOLVED:
  ses_3ce1cf (implementer)
  ses_4a94e3

[1;33m▸[0m td comments td-f1663f:
[2026-05-26 09:00] (ses_3ce1cf) The task description says discount tiers are NOT specified and I must ask before implementing. Could you please provide the tiered discount structure? Specifically: (1) What quantity thresholds define each tier (e.g., 1-9, 10-49, 50+)? (2) What discount percentage applies at each tier? (3) Should the discount be applied per-unit or to the total price? (4) Are there any edge cases to handle (e.g., quantity=0, negative price)?
[2026-05-26 11:01] (ses_4a94e3) Use these discount tiers: 1-9 items = 0%, 10-49 items = 10%, 50-99 items = 20%, 100+ items = 30%. Apply the discount percentage to the unit price. Return the total price (price * quantity * (1 - discount)).

[1;33m▸[0m gh pr list:
pr-agent-work                   open      agent-work → main

[1;33m▸[0m git log (worktree):
09b009b feat: add tiered discount calculation
13b5d64 initial: calculator module with tests


[0;36m══ VERIFY: implementation ══[0m

[1;33m▸[0m calculator.py:
"""A simple calculator module."""


def add(a: float, b: float) -> float:
    return a + b


def subtract(a: float, b: float) -> float:
    return a - b


def multiply(a: float, b: float) -> float:
    return a * b


def divide(a: float, b: float) -> float:
    if b == 0:
        raise ValueError("Cannot divide by zero")
    return a / b


def calculate_discount(price: float, quantity: int) -> float:
    """Return total price after applying tiered quantity discount."""
    if quantity >= 100:
        discount = 0.30
    elif quantity >= 50:
        discount = 0.20
    elif quantity >= 10:
        discount = 0.10
    else:
        discount = 0.00
    return price * quantity * (1 - discount)

[1;33m▸[0m Running tests:
/usr/sbin/python3: No module named pytest


[0;36m══ HUMAN: approving PR ══[0m

[1;33m▸[0m Approving PR: pr-agent-work
Approved PR: pr-agent-work
[1;33m▸[0m PR state:
{
  "id": "pr-agent-work",
  "branch": "agent-work",
  "base": "main",
  "status": "approved",
  "title": "Add discount calculation",
  "body": "Implements tiered discount per reviewer specs",
  "created_at": "2026-05-26T09:01:39Z",
  "diff": "diff --git a/calculator.py b/calculator.py\nindex 6b4c734..22c3bb5 100644\n--- a/calculator.py\n+++ b/calculator.py\n@@ -17,3 +17,16 @@ def divide(a: float, b: float) -\u003e float:\n     if b == 0:\n         raise ValueError(\"Cannot divide by zero\")\n     return a / b\n+\n+\n+def calculate_discount(price: float, quantity: int) -\u003e float:\n+    \"\"\"Return total price after applying tiered quantity discount.\"\"\"\n+    if quantity \u003e= 100:\n+        discount = 0.30\n+    elif quantity \u003e= 50:\n+        discount = 0.20\n+    elif quantity \u003e= 10:\n+        discount = 0.10\n+    else:\n+        discount = 0.00\n+    return price * quantity * (1 - discount)\ndiff --git a/test_calculator.py b/test_calculator.py\nindex 0da8ccc..8e73cd4 100644\n--- a/test_calculator.py\n+++ b/test_calculator.py\n@@ -1,6 +1,6 @@\n \"\"\"Tests for the calculator module.\"\"\"\n \n-from calculator import add, subtract, multiply, divide\n+from calculator import add, subtract, multiply, divide, calculate_discount\n import pytest\n \n \n@@ -19,3 +19,32 @@ def test_divide():\n def test_divide_by_zero():\n     with pytest.raises(ValueError):\n         divide(1, 0)\n+\n+\n+def test_calculate_discount_no_discount():\n+    # 1-9 items: 0% discount\n+    assert calculate_discount(10.0, 5) == 50.0\n+\n+def test_calculate_discount_tier1():\n+    # 10-49 items: 10% discount\n+    assert calculate_discount(10.0, 10) == pytest.approx(90.0)\n+\n+def test_calculate_discount_tier2():\n+    # 50-99 items: 20% discount\n+    assert calculate_discount(10.0, 50) == pytest.approx(400.0)\n+\n+def test_calculate_discount_tier3():\n+    # 100+ items: 30% discount\n+    assert calculate_discount(10.0, 100) == pytest.approx(700.0)\n+\n+def test_calculate_discount_boundary_49():\n+    # 49 items still at 10% tier\n+    assert calculate_discount(10.0, 49) == pytest.approx(441.0)\n+\n+def test_calculate_discount_boundary_99():\n+    # 99 items still at 20% tier\n+    assert calculate_discount(10.0, 99) == pytest.approx(792.0)\n+\n+def test_calculate_discount_single_item():\n+    # 1 item: no discount\n+    assert calculate_discount(20.0, 1) == pytest.approx(20.0)\n"
}

[0;36m══ AGENT: merge approved PR ══[0m

[1;33m▸[0m Prompt:
[2mThe PR pr-agent-work has been approved.

DO THESE STEPS:
1. Merge the PR: gh pr merge pr-agent-work
2. Verify the merge succeeded.

IMPORTANT: When the merge is complete, your final line must be:
SINDRI_MERGED[0m

[1;33m▸[0m Running in container...

  🔨 Bash: {"command":"gh pr merge pr-agent-work","description":"Merge the approved PR"}
  🤖💬 The worktree has `main` checked out elsewhere. I'll merge without checking out main locally.
  🔨 Bash: {"command":"gh pr merge pr-agent-work --merge --admin 2>&1 || gh pr merge pr-agent-work --squash 2>&1","description":"Me
  🔨 Bash: {"command":"gh pr merge --help 2>&1 | head -30","description":"Check available merge flags"}
  ← Merge an approved local PR

Usage:
  gh pr merge [pr-id] [flags]

Flags:
  -h, --help   help for merge
  🔨 Bash: {"command":"gh pr merge pr-agent-work --help 2>&1","description":"Check merge subcommand help"}
  ← Merge an approved local PR

Usage:
  gh pr merge [pr-id] [flags]

Flags:
  -h, --help   help for merge
  🔨 Bash: {"command":"gh pr merge pr-agent-work; echo \"exit: $?\"","description":"Attempt merge and capture exit code separately"
  ← Error: checkout main failed: fatal: 'main' is already used by worktree at '/tmp/sindri-test-i1SE/repo'

exit: 1
  🤖💬 The merge tool tries to check out `main` after merging, but `main` is locked by the parent worktree. Let me run the merge from the main repo path.
  🔨 Bash: {"command":"cd /tmp/sindri-test-i1SE/repo && gh pr merge pr-agent-work; echo \"exit: $?\"","description":"Run merge from
  ← Merged PR pr-agent-work into main
exit: 0
  🔨 Bash: {"command":"cd /tmp/sindri-test-i1SE/repo && git log main --oneline -5","description":"Verify merge commit appears on ma
  ← 9a44f0e Merge PR pr-agent-work: Add discount calculation
09b009b feat: add tiered discount calculation
13b5d64 initial: calculator module with tests
  🤖💬 The merge succeeded. The merge commit `9a44f0e` is now on `main`, containing the tiered discount implementation.

SINDRI_MERGED

  ▸ Result: The merge succeeded. The merge commit `9a44f0e` is now on `main`, containing the tiered discount implementation.

SINDRI_MERGED
  ▸ Cost: $0.11739344999999998 | Turns: 8

[0;32m✓[0m Sentinel found: SINDRI_MERGED

[0;36m══ VERIFY: merge result ══[0m

[1;33m▸[0m calculator.py on main:
"""A simple calculator module."""


def add(a: float, b: float) -> float:
    return a + b


def subtract(a: float, b: float) -> float:
    return a - b


def multiply(a: float, b: float) -> float:
    return a * b


def divide(a: float, b: float) -> float:
    if b == 0:
        raise ValueError("Cannot divide by zero")
    return a / b


def calculate_discount(price: float, quantity: int) -> float:
    """Return total price after applying tiered quantity discount."""
    if quantity >= 100:
        discount = 0.30
    elif quantity >= 50:
        discount = 0.20
    elif quantity >= 10:
        discount = 0.10
    else:
        discount = 0.00
    return price * quantity * (1 - discount)

[1;33m▸[0m git log --all --graph:
*   9a44f0e Merge PR pr-agent-work: Add discount calculation
|\  
| * 09b009b feat: add tiered discount calculation
|/  
* 13b5d64 initial: calculator module with tests

[1;33m▸[0m PR final state:
{
  "id": "pr-agent-work",
  "branch": "agent-work",
  "base": "main",
  "status": "merged",
  "title": "Add discount calculation",
  "body": "Implements tiered discount per reviewer specs",
  "created_at": "2026-05-26T09:01:39Z",
  "diff": "diff --git a/calculator.py b/calculator.py\nindex 6b4c734..22c3bb5 100644\n--- a/calculator.py\n+++ b/calculator.py\n@@ -17,3 +17,16 @@ def divide(a: float, b: float) -> float:\n     if b == 0:\n         raise ValueError(\"Cannot divide by zero\")\n     return a / b\n+\n+\n+def calculate_discount(price: float, quantity: int) -> float:\n+    \"\"\"Return total price after applying tiered quantity discount.\"\"\"\n+    if quantity >= 100:\n+        discount = 0.30\n+    elif quantity >= 50:\n+        discount = 0.20\n+    elif quantity >= 10:\n+        discount = 0.10\n+    else:\n+        discount = 0.00\n+    return price * quantity * (1 - discount)\ndiff --git a/test_calculator.py b/test_calculator.py\nindex 0da8ccc..8e73cd4 100644\n--- a/test_calculator.py\n+++ b/test_calculator.py\n@@ -1,6 +1,6 @@\n \"\"\"Tests for the calculator module.\"\"\"\n \n-from calculator import add, subtract, multiply, divide\n+from calculator import add, subtract, multiply, divide, calculate_discount\n import pytest\n \n \n@@ -19,3 +19,32 @@ def test_divide():\n def test_divide_by_zero():\n     with pytest.raises(ValueError):\n         divide(1, 0)\n+\n+\n+def test_calculate_discount_no_discount():\n+    # 1-9 items: 0% discount\n+    assert calculate_discount(10.0, 5) == 50.0\n+\n+def test_calculate_discount_tier1():\n+    # 10-49 items: 10% discount\n+    assert calculate_discount(10.0, 10) == pytest.approx(90.0)\n+\n+def test_calculate_discount_tier2():\n+    # 50-99 items: 20% discount\n+    assert calculate_discount(10.0, 50) == pytest.approx(400.0)\n+\n+def test_calculate_discount_tier3():\n+    # 100+ items: 30% discount\n+    assert calculate_discount(10.0, 100) == pytest.approx(700.0)\n+\n+def test_calculate_discount_boundary_49():\n+    # 49 items still at 10% tier\n+    assert calculate_discount(10.0, 49) == pytest.approx(441.0)\n+\n+def test_calculate_discount_boundary_99():\n+    # 99 items still at 20% tier\n+    assert calculate_discount(10.0, 99) == pytest.approx(792.0)\n+\n+def test_calculate_discount_single_item():\n+    # 1 item: no discount\n+    assert calculate_discount(20.0, 1) == pytest.approx(20.0)\n"
}

[0;36m══ DONE ══[0m

[1;33m▸[0m Workspace: /tmp/sindri-test-i1SE

[1;33m▸[0m Workspace preserved at: /tmp/sindri-test-i1SE
